[www.futbolsites.net/index.html]
[static.wixstatic.com/media/a323de_ac8c32caaa6c4092a914285407e1cacb_mv2.png/v1/fill/w_192,h_192,lg_1,usm_0.66_1.00_0.01/a323de_ac8c32caaa6c4092a914285407e1cacb_mv2.png]
[static.wixstatic.com/media/a323de_ac8c32caaa6c4092a914285407e1cacb_mv2.png/v1/fill/w_32,h_32,lg_1,usm_0.66_1.00_0.01/a323de_ac8c32caaa6c4092a914285407e1cacb_mv2.png]
[static.wixstatic.com/media/a323de_ac8c32caaa6c4092a914285407e1cacb_mv2.png/v1/fill/w_180,h_180,lg_1,usm_0.66_1.00_0.01/a323de_ac8c32caaa6c4092a914285407e1cacb_mv2.png]
[static.parastorage.com/unpkg/core-js-bundle@3.2.1/minified.js]
[static.parastorage.com/unpkg/focus-within-polyfill@5.0.9/dist/focus-within-polyfill.js]
[backblue.gif]
[fade.gif]
[index.html]
[polyfill-fastly.io/v3/polyfill.mind82c.js]
[www.futbolsites.net/c.6.delayed]
[www.futbolsites.net/t.7.delayed]
[www.futbolsites.net/es.html]
[www.futbolsites.net/pt.html]
[www.futbolsites.net/blog-feed.xml]
[static.wixstatic.com/media/a323de_92256675488146c1aab2c94fd8d78cf4_mv2.jpg/v1/fill/w_160,h_160,al_c,q_80,usm_0.33_1.00_0.00,enc_auto/fede.jpg]
[static.wixstatic.com/media/a323de_36c1145a838845ff9608f3c298e59775_mv2.jpg/v1/fill/w_160,h_160,al_c,q_80,usm_0.33_1.00_0.00,enc_auto/nahue.jpg]
[static.wixstatic.com/media/a323de_7343d5dddf074b1d87ca83f45ee09c51_mv2.jpg/v1/fill/w_160,h_160,al_c,q_80,usm_0.33_1.00_0.00,enc_auto/javi.jpg]
[static.wixstatic.com/media/a323de_37380984b1844367a659aff32549aafd_mv2.jpg/v1/crop/x_0,y_52,w_755,h_755/fill/w_160,h_160,al_c,q_80,usm_0.33_1.00_0.00,enc_auto/Luis-Marambio.jpg]
[static.wixstatic.com/media/a323de_244e1fded08a43b08db043ed9af59a55_mv2.jpg/v1/fill/w_160,h_160,al_c,q_80,usm_0.33_1.00_0.00,enc_auto/IVAN DUDA FSN.jpg]
[static.wixstatic.com/media/a323de_3030c167dfe34feeaacb503e437cc86e_mv2.jpg/v1/fill/w_160,h_160,al_c,q_80,usm_0.33_1.00_0.00,enc_auto/cris.jpg]
[static.wixstatic.com/media/a323de_744d97bd74d945859d0b724b272b6af9_mv2.jpg/v1/fill/w_160,h_160,al_c,q_80,usm_0.33_1.00_0.00,enc_auto/wally.jpg]
[static.wixstatic.com/media/a323de_e9ae33cf57474d43ac687d0d2f7428a8_mv2.jpeg/v1/fill/w_160,h_160,al_c,q_80,usm_0.33_1.00_0.00,enc_auto/WhatsApp Image 2020-11-03 at 5_10_59 PM_.jpg]
[static.wixstatic.com/media/a323de_65044debc30a4295a62dc65771eaf29c_mv2.jpg/v1/crop/x_500,y_167,w_987,h_987/fill/w_160,h_160,al_c,q_80,usm_0.33_1.00_0.00,enc_auto/paulina-aguero_edited.jpg]
[static.wixstatic.com/media/a323de_46bf7fcc8f7e4b5f9adbe2fa598b07c4_mv2.jpg/v1/crop/x_0,y_126,w_960,h_962/fill/w_160,h_160,al_c,q_80,usm_0.33_1.00_0.00,enc_auto/martin guida_edited.jpg]
[static.wixstatic.com/media/a323de_95a0801e3ed943848e22d54172eaf9b0_mv2.jpg/v1/fill/w_160,h_160,al_c,q_80,usm_0.33_1.00_0.00,enc_auto/cris.jpg]
[static.wixstatic.com/media/a323de_861f81d49eae45f38a18b05b1f36ef8a_mv2.jpg/v1/crop/x_111,y_366,w_2282,h_2284/fill/w_160,h_160,al_c,q_80,usm_0.33_1.00_0.00,enc_auto/FullSizeRender (1).jpg]
[static.wixstatic.com/media/a323de_2b7df8b21e1746a7a2d9956130350d7c_mv2.jpg/v1/crop/x_0,y_69,w_2217,h_2212/fill/w_160,h_160,al_c,q_80,usm_0.33_1.00_0.00,enc_auto/eric_edited_edited_edited.jpg]
[static.wixstatic.com/media/a323de_7cf7211ea32e454ea72623deb6cdf069_mv2.jpg/v1/fill/w_160,h_160,al_c,q_80,usm_0.33_1.00_0.00,enc_auto/LOURDES FUCIÑOS.jpg]
[static.wixstatic.com/media/a323de_2aef0830a0fe41a78a94e15d8314668a_mv2.jpg/v1/fill/w_160,h_160,al_c,q_80,usm_0.33_1.00_0.00,enc_auto/matias.jpg]
[static.wixstatic.com/media/a323de_dc0a21ac85a142fcb74ae61fa1c370d3_mv2.jpg/v1/crop/x_0,y_732,w_2250,h_2254/fill/w_160,h_160,al_c,q_80,usm_0.33_1.00_0.00,enc_au/Imagen%2520de%2520iOS_edited_edited.19]
[static.wixstatic.com/media/a323de_3fcf61efcb024dcf9bd418348d091cd2_mv2.jpg/v1/crop/x_64,y_56,w_506,h_507/fill/w_160,h_160,al_c,q_80,usm_0.33_1.00_0.00,enc_auto/FSN - srossi_edited.jpg]
[static.wixstatic.com/media/a323de_d8926efddfe849caa4fac8b2fbcdc69b_mv2.jpg/v1/fill/w_160,h_160,al_c,q_80,usm_0.33_1.00_0.00,enc_auto/JULYANA SIMOES FSN.jpg]
[static.wixstatic.com/media/a323de_1fa00e80d21b4e30b9139486287be668_mv2.jpg/v1/crop/x_0,y_41,w_1080,h_1081/fill/w_160,h_160,al_c,q_80,usm_0.33_1.00_0.00,enc_auto/20201103_121818_edited.jpg]
[static.wixstatic.com/media/a323de_85549340229046059be39222a269ab44_mv2.jpg/v1/fill/w_160,h_160,al_c,q_80,usm_0.33_1.00_0.00,enc_auto/JUAN MANUEL LORENZO.jpg]
[static.wixstatic.com/media/a323de_c392e4df2a65463ea164d69b80be1709_mv2.jpg/v1/crop/x_76,y_0,w_882,h_882/fill/w_160,h_160,al_c,q_80,usm_0.33_1.00_0.00,enc_auto/IBSON JUNIOR FSN.jpg]
[static.wixstatic.com/media/a323de_818eecd2503548bf84e51390f716466e_mv2.jpg/v1/crop/x_145,y_53,w_1423,h_1427/fill/w_160,h_160,al_c,q_80,usm_0.33_1.00_0.00,enc_au/Foto%20Daniel%20Gabin%20FSN%20-_edite]
[static.wixstatic.com/media/a323de_4a1d3a1c7fcd472398bfc8e492312345_mv2.jpg/v1/fill/w_160,h_160,al_c,q_80,usm_0.33_1.00_0.00,enc_auto/federico.jpg]
[static.wixstatic.com/media/a323de_fe578606b05b4689a6339b2f6e71b914_mv2.jpg/v1/fill/w_160,h_160,al_c,q_80,usm_0.33_1.00_0.00,enc_auto/Leandro Laface.jpg]
[static.wixstatic.com/media/a323de_f04e355bbece48b181444bb9d7112853_mv2.jpg/v1/fill/w_160,h_160,al_c,q_80,usm_0.33_1.00_0.00,enc_auto/joaco.jpg]
[static.wixstatic.com/media/a323de_6593767e18c947908379ab29fe5aefca_mv2.jpg/v1/fill/w_160,h_160,al_c,q_80,usm_0.33_1.00_0.00,enc_auto/tincho.jpg]
[static.wixstatic.com/media/a323de_1159ec7d74314a07a193b12db6a0ae2f_mv2.jpg/v1/crop/x_217,y_575,w_2678,h_2673/fill/w_160,h_160,al_c,q_80,usm_0.33_1.00_0.00,enc_auto/Camilo.jpg]
[static.wixstatic.com/media/a323de_064e6c3856454ad2bea3e350ad2d510c_mv2.jpg/v1/crop/x_0,y_45,w_722,h_721/fill/w_160,h_160,al_c,q_80,usm_0.33_1.00_0.00,enc_auto/Nicolas-Olea.jpg]
[static.wixstatic.com/media/a323de_e511ef695bf5455c9269e2d3958cce1f_mv2.jpg/v1/crop/x_0,y_89,w_823,h_823/fill/w_160,h_160,al_c,q_80,usm_0.33_1.00_0.00,enc_auto/Francisco-Arellano_edited.jpg]
[static.wixstatic.com/media/a323de_ae0844f73cc64f20a84b3c49dee21f17_mv2.jpg/v1/fill/w_160,h_160,al_c,q_80,usm_0.33_1.00_0.00,enc_auto/Paulo Ribeiro.jpg]
[static.wixstatic.com/media/a323de_1a7d0745ac114539963f042b10f9da6b_mv2.jpg/v1/fill/w_147,h_83,al_c,q_80,usm_0.66_1.00_0.01,blur_2,enc_auto/a323de_1a7d0745ac114539963f042b10f9da6b_mv2.jpg]
[static.wixstatic.com/media/a323de_87c86b77fb8f4548898e9d9c481b6540_mv2.png/v1/crop/x_0,y_7,w_217,h_45/fill/w_205,h_40,al_c,q_85,usm_0.33_1.00_0.00,enc_aut/white_FutbolSites_One line_Version-06.29.de]
[static.wixstatic.com/media/a323de_055c3c8a9e974559afddbd9b237d4e90_mv2.png/v1/fill/w_801,h_905,al_c,q_90,usm_0.33_1.00_0.00,enc_auto/copa home-09.png]
[static.wixstatic.com/media/a323de_5d298d71d82d4b119aeae224cddd5ac8_mv2.png/v1/fill/w_1920,h_295,al_c,q_90,usm_0.33_1.00_0.00,enc_auto/home1 degrade_edited.png]
[static.wixstatic.com/media/a323de_fc1cb3bfe51444dcb466d9c8b0e97104_mv2.jpg/v1/fill/w_147,h_83,al_c,q_80,usm_0.66_1.00_0.01,blur_2,enc_auto/a323de_fc1cb3bfe51444dcb466d9c8b0e97104_mv2.jpg]
[www.futbolsites.net/_https_/static.wixstatic.com/media/a323de_50c87e7ad3154c7e829d5489aa9b01fa_mv2.jpg/v1/fill/w_980,h_551,enc_auto/file.2e.delayed]
[static.wixstatic.com/media/a323de_4a59c1a9e3df4eb6b164fa8e445cd1ac_mv2.png/v1/fill/w_78,h_46,al_c,q_85,usm_0.66_1.00_0.01,blur_2,enc_auto/pc Grupo 1.png]
[static.wixstatic.com/media/a323de_e33c48c2d12c40eb9a6fbe6e523f1a86_mv2.jpg/v1/crop/x_0,y_0,w_1344,h_799/fill/w_100,h_59,al_c,q_80,usm_0.66_1.00_0.01,blur_2,enc_auto/1344x800_01_bolavip_02.jpg]
[static.wixstatic.com/media/a323de_22b4535e52c54c6eac0d1d04cb533de6_mv2.png/v1/fill/w_170,h_350,al_c,q_85,usm_0.66_1.00_0.01,blur_3,enc_auto/mobile.png]
[static.wixstatic.com/media/a323de_cebe74e8d788428c8c1c3c1b7a1b0b1b_mv2.png/v1/fill/w_140,h_70,al_c,q_85,usm_0.66_1.00_0.01,blur_3,enc_auto/logo_01_bolavip.png]
[static.wixstatic.com/media/a323de_0311289dfb7c4e1e8c037f8200f5c719_mv2.png/v1/fill/w_48,h_27,al_c,q_85,usm_0.66_1.00_0.01,blur_2,enc_auto/sites2.png]
[static.wixstatic.com/media/a323de_75d8f2406a5043a095d082b85a520e84_mv2.png/v1/fill/w_69,h_120,al_c,q_85,usm_0.66_1.00_0.01,blur_2,enc_auto/iphone score-02.png]
[static.wixstatic.com/media/a323de_68dff64f8cf94d039230b62ced9f964b_mv2.jpg/v1/fill/w_147,h_83,al_c,q_80,usm_0.66_1.00_0.01,blur_2,enc_auto/a323de_68dff64f8cf94d039230b62ced9f964b_mv2.jpg]
[www.futbolsites.net/media/emptystate.85a4add5.36.delayed]
[static.wixstatic.com/media/a323de_076ffd77ad9a414ba346c7818b1ea585_mv2.jpg/v1/fill/w_636,h_357,q_90/a323de_076ffd77ad9a414ba346c7818b1ea585_mv2.jpg]
[static.wixstatic.com/media/a323de_ca65459996664ee1bc8739eb2a2bf979_mv2.jpg/v1/fill/w_316,h_178,q_90/a323de_ca65459996664ee1bc8739eb2a2bf979_mv2.jpg]
[www.futbolsites.net/index3b16.html]
[static.wixstatic.com/media/a323de_482aa4669b2e45be9373a7141f3c266c_mv2.jpg/v1/fill/w_316,h_178,q_90/a323de_482aa4669b2e45be9373a7141f3c266c_mv2.jpg]
[static.wixstatic.com/media/a323de_22c9e6c2aa9f4e2a88d214865129e506_mv2.jpg/v1/fill/w_318,h_178,q_90/a323de_22c9e6c2aa9f4e2a88d214865129e506_mv2.jpg]
[static.wixstatic.com/media/a323de_2f37892de34046f8b48e76f4d1d5ad42_mv2.jpg/v1/fill/w_316,h_178,q_90/a323de_2f37892de34046f8b48e76f4d1d5ad42_mv2.jpg]
[static.wixstatic.com/media/a323de_4a3b3045b1d34894b5f7eaec42be81e8_mv2.jpg/v1/fill/w_316,h_178,q_90/a323de_4a3b3045b1d34894b5f7eaec42be81e8_mv2.jpg]
[static.wixstatic.com/media/a323de_903ee3d66ba348f8ab5a0d7b9531ba1b_mv2.jpg/v1/fill/w_318,h_178,q_90/a323de_903ee3d66ba348f8ab5a0d7b9531ba1b_mv2.jpg]
[static.wixstatic.com/media/a323de_f47fa28c1d5c43f4a6f51f23b59c981f_mv2.png/v1/fill/w_120,h_120,al_c,q_85,usm_0.66_1.00_0.01,blur_2,enc_auto/brands02.png]
[static.wixstatic.com/media/a323de_cd15c84d6cc5423b94c3f4e83634ebe1_mv2.png/v1/fill/w_120,h_120,al_c,q_85,usm_0.66_1.00_0.01,blur_2,enc_auto/brands01.png]
[static.wixstatic.com/media/a323de_92256675488146c1aab2c94fd8d78cf4_mv2.jpg/v1/fill/w_160,h_160,al_c,q_80,usm_0.66_1.00_0.01,blur_3,enc_auto/fede.jpg]
[static.wixstatic.com/media/a323de_36c1145a838845ff9608f3c298e59775_mv2.jpg/v1/fill/w_160,h_160,al_c,q_80,usm_0.66_1.00_0.01,blur_3,enc_auto/nahue.jpg]
[static.wixstatic.com/media/a323de_7343d5dddf074b1d87ca83f45ee09c51_mv2.jpg/v1/fill/w_160,h_160,al_c,q_80,usm_0.66_1.00_0.01,blur_3,enc_auto/javi.jpg]
[static.wixstatic.com/media/a323de_df34fcc0a2894329b5da06aa0bbf2345_mv2.jpeg/v1/fill/w_160,h_160,al_c,q_80,usm_0.66_1.00_0.01,blur_3,enc_auto/Michael Bellom.jpg]
[www.futbolsites.net/team.html]
[www.futbolsites.net/terminos-y-condiciones.html]
[www.futbolsites.net/privacy-policies.html]
[static.wixstatic.com/media/a323de_c9c25e9dcf7a4931a8d45afd1aa74973_mv2.png/v1/fill/w_145,h_30,al_c,q_85,usm_0.33_1.00_0.00,enc_auto/meta.png]
[static.wixstatic.com/media/a323de_4b0435d21cb04c788fed74fc21711e93_mv2.png/v1/fill/w_111,h_46,al_c,q_85,usm_0.33_1.00_0.00,enc_auto/a323de_4b0435d21cb04c788fed74fc21711e93_mv2.png]
[static.wixstatic.com/media/a323de_92c2389ff778411e97c7428ce71b1e9d_mv2.png/v1/fill/w_111,h_46,al_c,q_85,usm_0.33_1.00_0.00,enc_auto/a323de_92c2389ff778411e97c7428ce71b1e9d_mv2.png]
[static.wixstatic.com/media/a323de_468c0506237f463e958c6ad72e098707_mv2.png/v1/crop/x_24,y_2,w_314,h_80/fill/w_181,h_46,al_c,q_85,usm_0.33_1.00_0.00,enc_auto/Futbol Sites + Playmaker-07.png]
[static.wixstatic.com/media/a323de_d895428c9fe949ec880539ce127fa4c9_mv2.png/v1/fill/w_200,h_30,al_c,q_85,usm_0.33_1.00_0.00,enc_auto/Part_Of_Logo_BlackGreen200x30_big.png]
[browser.sentry-cdn.com/6.18.2/bundle.min.js]
[www.futbolsites.net/sitemap.xml]
[www.futbolsites.net/feed.4e.delayed]
[www.futbolsites.net/${i.4f.delayed]
[static.parastorage.com/services/wix-thunderbolt/dist/thunderbolt-commons.3a64b3ed.bundle.min.js]
[static.parastorage.com/services/wix-thunderbolt/dist/main.380e55cc.bundle.min.js]
[static.parastorage.com/services/wix-thunderbolt/dist/main.renderer.1d21f023.bundle.min.js]
[static.parastorage.com/unpkg/lodash@4.17.21/lodash.min.js]
[static.parastorage.com/unpkg/react@18.3.1/umd/react.production.min.js]
[static.parastorage.com/unpkg/react-dom@18.3.1/umd/react-dom.production.min.js]
[static.parastorage.com/services/wix-vod-widget/1.4244.0/WixVideoViewerWidgetNoCss.bundle.min.js]
[www.futbolsites.net/decodeURIComponent(e.57.delayed]
[static.parastorage.com/services/tag-manager-client/1.875.0/siteTags.bundle.min.js]
[www.futbolsites.net/index.html]
[www.futbolsites.net/c.html]
[www.futbolsites.net/t.html]
[www.futbolsites.net/es/blog-feed.xml]
[www.futbolsites.net/es3b16.html]
[www.futbolsites.net/es/team.html]
[www.futbolsites.net/es/terminos-y-condiciones.html]
[www.futbolsites.net/es/privacy-policies.html]
[static.wixstatic.com/media/a323de_c9c25e9dcf7a4931a8d45afd1aa74973_mv2.png/v1/fill/w_139,h_30,al_c,q_85,usm_0.66_1.00_0.01,blur_3,enc_auto/meta.png]
[static.wixstatic.com/media/a323de_4b0435d21cb04c788fed74fc21711e93_mv2.png/v1/fill/w_111,h_44,al_c,q_85,usm_0.66_1.00_0.01,blur_3,enc_auto/a323de_4b0435d21cb04c788fed74fc21711e93_mv2.png]
[static.wixstatic.com/media/a323de_92c2389ff778411e97c7428ce71b1e9d_mv2.png/v1/fill/w_111,h_44,al_c,q_85,usm_0.66_1.00_0.01,blur_3,enc_auto/a323de_92c2389ff778411e97c7428ce71b1e9d_mv2.png]
[static.wixstatic.com/media/a323de_468c0506237f463e958c6ad72e098707_mv2.png/v1/crop/x_24,y_2,w_314,h_80/fill/w_181,h_46,al_c,q_85,usm_0.66_1.00_0.01,blur_3,enc_auto/Futbol Sites + Playmaker-07.png]
[static.wixstatic.com/media/a323de_d895428c9fe949ec880539ce127fa4c9_mv2.png/v1/fill/w_200,h_30,al_c,q_85,usm_0.66_1.00_0.01,blur_3,enc_auto/Part_Of_Logo_BlackGreen200x30_big.png]
[static.parastorage.com/services/wix-thunderbolt/dist/thunderbolt-commons.09398ec1.bundle.min.js]
[www.futbolsites.net/es.html]
[static.parastorage.com/services/wix-thunderbolt/dist/main.e5a43201.bundle.min.js]
[www.futbolsites.net/pt/blog-feed.xml]
[www.futbolsites.net/pt3b16.html]
[www.futbolsites.net/pt/team.html]
[www.futbolsites.net/pt/terminos-y-condiciones.html]
[www.futbolsites.net/pt.html]
[www.futbolsites.net/_https_/static.wixstatic.com/media/a323de_50c87e7ad3154c7e829d5489aa9b01fa_mv2.jpg/v1/fill/w_980,h_551,enc_auto/file.html]
[www.futbolsites.net/index3b16.html]
[www.futbolsites.net/media/emptystate.85a4add5.html]
[www.futbolsites.net/pt/privacy-policies.html]
[static.wixstatic.com/media/a323de_07f7a42a3b754fd2a33eb79b58d5ca1e_mv2.jpg/v1/fill/w_160,h_160,al_c,q_80,usm_0.66_1.00_0.01,blur_3,enc_auto/Juan Savid.jpg]
[static.wixstatic.com/media/a323de_2aef0830a0fe41a78a94e15d8314668a_mv2.jpg/v1/fill/w_160,h_160,al_c,q_80,usm_0.66_1.00_0.01,blur_3,enc_auto/matias.jpg]
[static.wixstatic.com/media/a323de_818eecd2503548bf84e51390f716466e_mv2.jpg/v1/crop/x_145,y_53,w_1423,h_1427/fill/w_160,h_160,al_c,q_80,usm_0.66_1.00_0.01,blur_3/Foto%20Daniel%20Gabin%20FSN%20-_edite]
[static.wixstatic.com/media/a323de_2f531990b45e4647850b5782885f22fd_mv2.jpg/v1/fill/w_160,h_160,al_c,q_80,usm_0.66_1.00_0.01,blur_3,enc_auto/Gonzalo Hernández-2.jpg]
[static.wixstatic.com/media/a323de_60f094573e194c918eb603d41a8718cc_mv2.jpg/v1/fill/w_160,h_160,al_c,q_80,usm_0.66_1.00_0.01,blur_3,enc_auto/lucas_gonzalez_1.jpg]
[static.wixstatic.com/media/a323de_2b7df8b21e1746a7a2d9956130350d7c_mv2.jpg/v1/crop/x_0,y_0,w_2217,h_2212/fill/w_160,h_160,al_c,q_80,usm_0.66_1.00_0.01,blur_3,enc_auto/eric_edited_edited_edited.jpg]
[static.wixstatic.com/media/a323de_b1c012d95790420eae4804ef3f3d494b_mv2.jpg/v1/fill/w_160,h_160,al_c,q_80,usm_0.66_1.00_0.01,blur_3,enc_auto/Sebastian Rossi.jpg]
[static.wixstatic.com/media/a323de_1159ec7d74314a07a193b12db6a0ae2f_mv2.jpg/v1/crop/x_217,y_575,w_2678,h_2673/fill/w_160,h_160,al_c,q_80,usm_0.66_1.00_0.01,blur_3,enc_auto/Camilo.jpg]
[static.wixstatic.com/media/a323de_4d87976e4e2544dca77228322cbecc36_mv2.jpg/v1/fill/w_160,h_160,al_c,q_80,usm_0.66_1.00_0.01,blur_3,enc_auto/Felipe Escobillana.jpg]
[static.wixstatic.com/media/a323de_b3d08c235a0a44e685746ba44f3ef525_mv2.jpg/v1/fill/w_160,h_160,al_c,q_80,usm_0.66_1.00_0.01,blur_3,enc_auto/ARIEL ROSENFELD.jpg]
[static.wixstatic.com/media/a323de_e511ef695bf5455c9269e2d3958cce1f_mv2.jpg/v1/fill/w_132,h_160,al_c,q_80,usm_0.66_1.00_0.01,blur_3,enc_auto/Francisco-Arellano_edited.jpg]
[static.wixstatic.com/media/a323de_4dc1274a7e024e33b9d4d20e5314217f_mv2.jpg/v1/fill/w_160,h_160,al_c,q_80,usm_0.66_1.00_0.01,blur_3,enc_auto/Santiago Radice-3.jpg]
[static.wixstatic.com/media/a323de_c31abc0248b84729b30b026829754335_mv2.jpg/v1/fill/w_160,h_160,al_c,q_80,usm_0.66_1.00_0.01,blur_3,enc_auto/PABLO DENIS.jpg]
[static.wixstatic.com/media/a323de_4a1d3a1c7fcd472398bfc8e492312345_mv2.jpg/v1/fill/w_160,h_160,al_c,q_80,usm_0.66_1.00_0.01,blur_3,enc_auto/federico.jpg]
[static.wixstatic.com/media/a323de_20f63370d1564067b23c27702bd3352b_mv2.jpg/v1/fill/w_160,h_160,al_c,q_80,usm_0.66_1.00_0.01,blur_3,enc_auto/Iara Jalil.jpg]
[static.wixstatic.com/media/a323de_99d52f5718474228a9fff22f3b61be16_mv2.jpg/v1/fill/w_160,h_160,al_c,q_80,usm_0.66_1.00_0.01,blur_3,enc_auto/Llanely Rangel Medina-2.jpg]
[static.wixstatic.com/media/a323de_1c5c183f979442238e73306342f56e88_mv2.jpg/v1/fill/w_160,h_160,al_c,q_80,usm_0.66_1.00_0.01,blur_3,enc_auto/Isaias Torres.jpg]
[static.wixstatic.com/media/a323de_c08c47917fde4c098da4e09b8b61bef5_mv2.jpg/v1/fill/w_160,h_160,al_c,q_80,usm_0.66_1.00_0.01,blur_3,enc_auto/yami.jpg]
[static.wixstatic.com/media/a323de_bd13b2439c244a4183ea3f8554f8f18b_mv2.jpg/v1/crop/x_487,y_252,w_1331,h_1329/fill/w_160,h_160,al_c,q_80,usm_0.66_1.00_0.01,blur_3,enc_auto/Lukie_edited.jpg]
[static.wixstatic.com/media/a323de_d4f652a6e24a417ab7d7e1758d8dcca7_mv2.jpg/v1/fill/w_160,h_160,al_c,q_80,usm_0.66_1.00_0.01,blur_3,enc_auto/Lucas Llopis.jpg]
[static.wixstatic.com/media/a323de_d0fde79a54ac43fa879b09439b61f769_mv2.jpg/v1/crop/x_23,y_0,w_1093,h_1093/fill/w_160,h_160,al_c,q_80,usm_0.66_1.00_0.01,blur_3,enc_auto/Lucas Borges.jpg]
[static.wixstatic.com/media/a323de_d40d9fff331b4ead8dbdb60a874ae606_mv2.jpg/v1/fill/w_160,h_160,al_c,q_80,usm_0.66_1.00_0.01,blur_3,enc_auto/Matias Blayer.jpg]
[static.wixstatic.com/media/a323de_3471b6fda4c441fea3b2bc3010c23d23_mv2.jpeg/v1/crop/x_79,y_40,w_544,h_543/fill/w_160,h_160,al_c,q_80,usm_0.66_1.00_0.01,blur_3,enc_auto/Julieta Pardo.jpg]
[static.wixstatic.com/media/a323de_0cc13ba2748b4b11bbeba4139ed7cd92_mv2.jpg/v1/crop/x_0,y_0,w_692,h_693/fill/w_160,h_160,al_c,q_80,usm_0.66_1.00_0.01,blur_3,enc_auto/Luciana R_ - Brasil.jpg]
[static.wixstatic.com/media/a323de_e4fb398bafa74c1cb39d7be89c75828e_mv2.jpg/v1/fill/w_160,h_160,al_c,q_80,usm_0.66_1.00_0.01,blur_3,enc_auto/GABRIEL MARTINS.jpg]
[static.wixstatic.com/media/a323de_f039718add8246ec9e69b94dc36f4155_mv2.jpg/v1/crop/x_66,y_2,w_758,h_822/fill/w_160,h_174,al_c,q_80,usm_0.66_1.00_0.01,blur_3,enc_auto/Braian Quina-4.jpg]
[static.wixstatic.com/media/a323de_87c9cb2112fd419887ab155bd828b045_mv2.jpg/v1/crop/x_0,y_88,w_828,h_829/fill/w_160,h_160,al_c,q_80,usm_0.66_1.00_0.01,blur_3/Fiorella%2520Pellegrini%25202_edited_edit]
[static.wixstatic.com/media/a323de_283631c3e8864f908e1cdc70cf2a839f_mv2.jpg/v1/fill/w_160,h_160,al_c,q_80,usm_0.66_1.00_0.01,blur_3,enc_auto/Nicolas Lima.jpg]
[static.wixstatic.com/media/a323de_718e7cd08f94445e90eba498d940a6dc_mv2.jpg/v1/fill/w_160,h_160,al_c,q_80,usm_0.66_1.00_0.01,blur_3,enc_auto/Mariana Roldan.jpg]
[static.wixstatic.com/media/a323de_cbf35db52a09434c854c5b7af2a07fd2_mv2.jpg/v1/fill/w_160,h_160,al_c,q_80,usm_0.66_1.00_0.01,blur_3,enc_auto/TOMÁS VETERE FSN.jpg]
[static.wixstatic.com/media/a323de_e6142e5865e54ecbb9f619010b753bf7_mv2.jpg/v1/fill/w_160,h_160,al_c,q_80,usm_0.66_1.00_0.01,blur_3,enc_auto/SABRINA PISARONI 2.jpg]
[static.wixstatic.com/media/a323de_29aa69628e4d4ba987b66276fd6b3dae_mv2.jpg/v1/crop/x_22,y_10,w_718,h_750/fill/w_160,h_167,al_c,q_80,usm_0.66_1.00_0.01,blur_3,enc_auto/guillermo-salazar-fsn.jpg]
[static.wixstatic.com/media/a323de_10d0b2d85271470ebc143511e17bb24f_mv2.jpg/v1/fill/w_160,h_160,al_c,q_80,usm_0.66_1.00_0.01,blur_3,enc_auto/AGOSTINA BAGNATO.jpg]
[static.wixstatic.com/media/a323de_ae0844f73cc64f20a84b3c49dee21f17_mv2.jpg/v1/fill/w_160,h_160,al_c,q_80,usm_0.66_1.00_0.01,blur_3,enc_auto/Paulo Ribeiro.jpg]
[static.wixstatic.com/media/a323de_f15f3d03364a4dc99ec27f031bb1bf2e_mv2.jpg/v1/crop/x_971,y_418,w_1273,h_1280/fill/w_159,h_160,al_c,q_80,usm_0.66_1.00_0.01,blur_3,enc_auto/Agustina C_edited.jpg]
[static.wixstatic.com/media/a323de_85549340229046059be39222a269ab44_mv2.jpg/v1/fill/w_160,h_160,al_c,q_80,usm_0.66_1.00_0.01,blur_3,enc_auto/JUAN MANUEL LORENZO.jpg]
[static.wixstatic.com/media/a323de_df34fcc0a2894329b5da06aa0bbf2345_mv2.jpeg/v1/fill/w_160,h_160,al_c,q_80,usm_0.33_1.00_0.00,enc_auto/Michael Bellom.jpg]
[static.wixstatic.com/media/a323de_5461ec4be5fe4b158cc394caa8b9d3c8_mv2.jpg/v1/fill/w_160,h_160,al_c,q_80,usm_0.33_1.00_0.00,enc_auto/Agustin Gutierrez Scussel.jpg]
[static.wixstatic.com/media/a323de_2637a93154cd4f698256239b5f801571_mv2.jpg/v1/crop/x_0,y_114,w_960,h_962/fill/w_160,h_160,al_c,q_80,usm_0.33_1.00_0.00,enc_auto/martin%20guida_edited.jpg]
[static.wixstatic.com/media/a323de_8ca93e075f62446e909ca53c29480b80_mv2.jpg/v1/fill/w_160,h_160,al_c,q_80,usm_0.33_1.00_0.00,enc_auto/Arturo Givaudan_edited.jpg]
[static.wixstatic.com/media/a323de_2fade4cbb09f4613b3c0cac36352b6fe_mv2.jpg/v1/fill/w_160,h_160,al_c,q_80,usm_0.33_1.00_0.00,enc_auto/IVAN DUDA FSN_edited.jpg]
[static.wixstatic.com/media/a323de_7a9f99be0ab04e2d9ac9d2cf1907164b_mv2.jpg/v1/fill/w_160,h_160,al_c,q_80,usm_0.33_1.00_0.00,enc_auto/Nancy Pasto Cueto.jpg]
[static.wixstatic.com/media/a323de_b8aaba50ecaf453295bb36e84a85c593_mv2.jpg/v1/fill/w_160,h_160,al_c,q_80,usm_0.66_1.00_0.01,blur_3,enc_auto/Luana Viera.jpg]
[static.wixstatic.com/media/a323de_ca18d45d78af471692e552f271beb0d9_mv2.jpg/v1/fill/w_160,h_160,al_c,q_80,usm_0.66_1.00_0.01,blur_3,enc_auto/Enrique Sabatini_edited.jpg]
[static.wixstatic.com/media/a323de_d8926efddfe849caa4fac8b2fbcdc69b_mv2.jpg/v1/fill/w_160,h_160,al_c,q_80,usm_0.66_1.00_0.01,blur_3,enc_auto/JULYANA SIMOES FSN.jpg]
[static.wixstatic.com/media/a323de_b10b65ed50f74761a146d2f2e9b534ae_mv2.jpg/v1/fill/w_160,h_160,al_c,q_80,usm_0.66_1.00_0.01,blur_3,enc_auto/Chris Harris (1).jpg]
[www.futbolsites.net/team.html]
[www.futbolsites.net/terminos-y-condiciones.html]
[www.futbolsites.net/privacy-policies.html]
[www.futbolsites.net/feed.html]
[www.futbolsites.net/${i.html]
[www.futbolsites.net/decodeURIComponent(e.html]
[www.futbolsites.net/es3b16.html]
[www.futbolsites.net/es/c.98.delayed]
[www.futbolsites.net/es/t.99.delayed]
[www.futbolsites.net/es/robots.9a.delayed]
[www.futbolsites.net/es/sitemap.9b.delayed]
[www.futbolsites.net/es/feed.9c.delayed]
[www.futbolsites.net/es/${i.9d.delayed]
[www.futbolsites.net/es/decodeURIComponent(e.9e.delayed]
[www.futbolsites.net/es/team.html]
[www.futbolsites.net/es/terminos-y-condiciones.html]
[static.parastorage.com/services/wix-thunderbolt/dist/thunderbolt-commons.8add2233.bundle.min.js]
[static.parastorage.com/services/wix-thunderbolt/dist/main.1550a9c2.bundle.min.js]
[www.futbolsites.net/es/privacy-policies.html]
[www.futbolsites.net/pt3b16.html]
[www.futbolsites.net/pt/c.a1.delayed]
[www.futbolsites.net/pt/t.a2.delayed]
[www.futbolsites.net/pt/robots.a3.delayed]
[www.futbolsites.net/pt/sitemap.a4.delayed]
[www.futbolsites.net/pt/feed.a5.delayed]
[www.futbolsites.net/pt/${i.a6.delayed]
[www.futbolsites.net/pt/decodeURIComponent(e.a7.delayed]
[www.futbolsites.net/pt/team.html]
[www.futbolsites.net/pt/terminos-y-condiciones.html]
[www.futbolsites.net/pt/privacy-policies.html]
[www.futbolsites.net/es/c.html]
[www.futbolsites.net/es/t.html]
[www.futbolsites.net/es/robots.html]
[www.futbolsites.net/es/sitemap.html]
[www.futbolsites.net/es/feed.html]
[www.futbolsites.net/es/${i.html]
[www.futbolsites.net/es/decodeURIComponent(e.html]
[www.futbolsites.net/pt/c.html]
[www.futbolsites.net/pt/t.html]
[www.futbolsites.net/pt/robots.html]
[www.futbolsites.net/pt/sitemap.html]
[www.futbolsites.net/pt/feed.html]
[www.futbolsites.net/pt/${i.html]
[www.futbolsites.net/pt/decodeURIComponent(e.html]
